build_preview	Set up job	ï»¿2026-02-01T14:06:52.5581397Z Current runner version: '2.331.0'
build_preview	Set up job	2026-02-01T14:06:52.5652876Z ##[group]Runner Image Provisioner
build_preview	Set up job	2026-02-01T14:06:52.5654095Z Hosted Compute Agent
build_preview	Set up job	2026-02-01T14:06:52.5655420Z Version: 20260123.484
build_preview	Set up job	2026-02-01T14:06:52.5656459Z Commit: 6bd6555ca37d84114959e1c76d2c01448ff61c5d
build_preview	Set up job	2026-02-01T14:06:52.5657578Z Build Date: 2026-01-23T19:41:17Z
build_preview	Set up job	2026-02-01T14:06:52.5658600Z Worker ID: {9e4c1884-0609-40bd-b3df-c86d35c0f631}
build_preview	Set up job	2026-02-01T14:06:52.5660074Z Azure Region: westus
build_preview	Set up job	2026-02-01T14:06:52.5660972Z ##[endgroup]
build_preview	Set up job	2026-02-01T14:06:52.5662871Z ##[group]Operating System
build_preview	Set up job	2026-02-01T14:06:52.5663775Z Microsoft Windows Server 2025
build_preview	Set up job	2026-02-01T14:06:52.5664648Z 10.0.26100
build_preview	Set up job	2026-02-01T14:06:52.5665246Z Datacenter
build_preview	Set up job	2026-02-01T14:06:52.5665945Z ##[endgroup]
build_preview	Set up job	2026-02-01T14:06:52.5666678Z ##[group]Runner Image
build_preview	Set up job	2026-02-01T14:06:52.5667530Z Image: windows-2025
build_preview	Set up job	2026-02-01T14:06:52.5668277Z Version: 20260127.11.2
build_preview	Set up job	2026-02-01T14:06:52.5669916Z Included Software: https://github.com/actions/runner-images/blob/win25/20260127.11/images/windows/Windows2025-Readme.md
build_preview	Set up job	2026-02-01T14:06:52.5673000Z Image Release: https://github.com/actions/runner-images/releases/tag/win25%2F20260127.11
build_preview	Set up job	2026-02-01T14:06:52.5674778Z ##[endgroup]
build_preview	Set up job	2026-02-01T14:06:52.5676314Z ##[group]GITHUB_TOKEN Permissions
build_preview	Set up job	2026-02-01T14:06:52.5678673Z Contents: write
build_preview	Set up job	2026-02-01T14:06:52.5679452Z Metadata: read
build_preview	Set up job	2026-02-01T14:06:52.5680468Z ##[endgroup]
build_preview	Set up job	2026-02-01T14:06:52.5683343Z Secret source: Actions
build_preview	Set up job	2026-02-01T14:06:52.5684359Z Prepare workflow directory
build_preview	Set up job	2026-02-01T14:06:52.6186623Z Prepare all required actions
build_preview	Set up job	2026-02-01T14:06:52.6241887Z Getting action download info
build_preview	Set up job	2026-02-01T14:06:53.1077548Z Download action repository 'actions/checkout@v4' (SHA:34e114876b0b11c390a56381ad16ebd13914f8d5)
build_preview	Set up job	2026-02-01T14:06:53.2675482Z Download action repository 'actions/setup-node@v4' (SHA:49933ea5288caeca8642d1e84afbd3f7d6820020)
build_preview	Set up job	2026-02-01T14:06:53.4386149Z Download action repository 'dtolnay/rust-toolchain@v1' (SHA:e97e2d8cc328f1b50210efc529dca0028893a2d9)
build_preview	Set up job	2026-02-01T14:06:54.0122416Z Download action repository 'actions/upload-artifact@v4' (SHA:ea165f8d65b6e75b540449e92b4886f43607fa02)
build_preview	Set up job	2026-02-01T14:06:54.4609062Z Complete job name: build_preview
build_preview	Checkout	ï»¿2026-02-01T14:06:54.6206827Z ##[group]Run actions/checkout@v4
build_preview	Checkout	2026-02-01T14:06:54.6208498Z with:
build_preview	Checkout	2026-02-01T14:06:54.6209211Z   repository: infinityjp-maker/URMS
build_preview	Checkout	2026-02-01T14:06:54.6210347Z   token: ***
build_preview	Checkout	2026-02-01T14:06:54.6211018Z   ssh-strict: true
build_preview	Checkout	2026-02-01T14:06:54.6211757Z   ssh-user: git
build_preview	Checkout	2026-02-01T14:06:54.6212460Z   persist-credentials: true
build_preview	Checkout	2026-02-01T14:06:54.6213224Z   clean: true
build_preview	Checkout	2026-02-01T14:06:54.6213941Z   sparse-checkout-cone-mode: true
build_preview	Checkout	2026-02-01T14:06:54.6214769Z   fetch-depth: 1
build_preview	Checkout	2026-02-01T14:06:54.6215460Z   fetch-tags: false
build_preview	Checkout	2026-02-01T14:06:54.6216166Z   show-progress: true
build_preview	Checkout	2026-02-01T14:06:54.6216874Z   lfs: false
build_preview	Checkout	2026-02-01T14:06:54.6217521Z   submodules: false
build_preview	Checkout	2026-02-01T14:06:54.6218230Z   set-safe-directory: true
build_preview	Checkout	2026-02-01T14:06:54.6219229Z ##[endgroup]
build_preview	Checkout	2026-02-01T14:06:55.4147664Z Syncing repository: infinityjp-maker/URMS
build_preview	Checkout	2026-02-01T14:06:55.4150025Z ##[group]Getting Git version info
build_preview	Checkout	2026-02-01T14:06:55.4150944Z Working directory is 'D:\a\URMS\URMS'
build_preview	Checkout	2026-02-01T14:06:55.4153709Z [command]"C:\Program Files\Git\bin\git.exe" version
build_preview	Checkout	2026-02-01T14:06:55.4160341Z git version 2.52.0.windows.1
build_preview	Checkout	2026-02-01T14:06:55.4175474Z ##[endgroup]
build_preview	Checkout	2026-02-01T14:06:55.4182463Z Temporarily overriding HOME='D:\a\_temp\6d18dd19-3b1b-4f1b-a120-957280a17614' before making global git config changes
build_preview	Checkout	2026-02-01T14:06:55.4184044Z Adding repository directory to the temporary git global config as a safe directory
build_preview	Checkout	2026-02-01T14:06:55.4185775Z [command]"C:\Program Files\Git\bin\git.exe" config --global --add safe.directory D:\a\URMS\URMS
build_preview	Checkout	2026-02-01T14:06:55.4605809Z Deleting the contents of 'D:\a\URMS\URMS'
build_preview	Checkout	2026-02-01T14:06:55.4612222Z ##[group]Initializing the repository
build_preview	Checkout	2026-02-01T14:06:55.4623338Z [command]"C:\Program Files\Git\bin\git.exe" init D:\a\URMS\URMS
build_preview	Checkout	2026-02-01T14:06:55.5716163Z Initialized empty Git repository in D:/a/URMS/URMS/.git/
build_preview	Checkout	2026-02-01T14:06:55.5821247Z [command]"C:\Program Files\Git\bin\git.exe" remote add origin https://github.com/infinityjp-maker/URMS
build_preview	Checkout	2026-02-01T14:06:55.6433778Z ##[endgroup]
build_preview	Checkout	2026-02-01T14:06:55.6434968Z ##[group]Disabling automatic garbage collection
build_preview	Checkout	2026-02-01T14:06:55.6447495Z [command]"C:\Program Files\Git\bin\git.exe" config --local gc.auto 0
build_preview	Checkout	2026-02-01T14:06:55.6751645Z ##[endgroup]
build_preview	Checkout	2026-02-01T14:06:55.6752610Z ##[group]Setting up auth
build_preview	Checkout	2026-02-01T14:06:55.6773878Z [command]"C:\Program Files\Git\bin\git.exe" config --local --name-only --get-regexp core\.sshCommand
build_preview	Checkout	2026-02-01T14:06:56.3491537Z [command]"C:\Program Files\Git\bin\git.exe" submodule foreach --recursive "sh -c \"git config --local --name-only --get-regexp 'core\.sshCommand' && git config --local --unset-all 'core.sshCommand' || :\""
build_preview	Checkout	2026-02-01T14:06:57.2497326Z [command]"C:\Program Files\Git\bin\git.exe" config --local --name-only --get-regexp http\.https\:\/\/github\.com\/\.extraheader
build_preview	Checkout	2026-02-01T14:06:57.2843019Z [command]"C:\Program Files\Git\bin\git.exe" submodule foreach --recursive "sh -c \"git config --local --name-only --get-regexp 'http\.https\:\/\/github\.com\/\.extraheader' && git config --local --unset-all 'http.https://github.com/.extraheader' || :\""
build_preview	Checkout	2026-02-01T14:06:57.8536468Z [command]"C:\Program Files\Git\bin\git.exe" config --local --name-only --get-regexp ^includeIf\.gitdir:
build_preview	Checkout	2026-02-01T14:06:57.8842158Z [command]"C:\Program Files\Git\bin\git.exe" submodule foreach --recursive "git config --local --show-origin --name-only --get-regexp remote.origin.url"
build_preview	Checkout	2026-02-01T14:06:58.4573197Z [command]"C:\Program Files\Git\bin\git.exe" config --local http.https://github.com/.extraheader "AUTHORIZATION: basic ***"
build_preview	Checkout	2026-02-01T14:06:58.4883987Z ##[endgroup]
build_preview	Checkout	2026-02-01T14:06:58.4884991Z ##[group]Fetching the repository
build_preview	Checkout	2026-02-01T14:06:58.4904866Z [command]"C:\Program Files\Git\bin\git.exe" -c protocol.version=2 fetch --no-tags --prune --no-recurse-submodules --depth=1 origin +e3cc58bf90b565e80a654319c9d42dc65200cab9:refs/remotes/origin/main
build_preview	Checkout	2026-02-01T14:06:59.6368471Z From https://github.com/infinityjp-maker/URMS
build_preview	Checkout	2026-02-01T14:06:59.6373295Z  * [new ref]         e3cc58bf90b565e80a654319c9d42dc65200cab9 -> origin/main
build_preview	Checkout	2026-02-01T14:06:59.6748732Z ##[endgroup]
build_preview	Checkout	2026-02-01T14:06:59.6749651Z ##[group]Determining the checkout info
build_preview	Checkout	2026-02-01T14:06:59.6751574Z ##[endgroup]
build_preview	Checkout	2026-02-01T14:06:59.6764473Z [command]"C:\Program Files\Git\bin\git.exe" sparse-checkout disable
build_preview	Checkout	2026-02-01T14:06:59.7259690Z [command]"C:\Program Files\Git\bin\git.exe" config --local --unset-all extensions.worktreeConfig
build_preview	Checkout	2026-02-01T14:06:59.7581539Z ##[group]Checking out the ref
build_preview	Checkout	2026-02-01T14:06:59.7593214Z [command]"C:\Program Files\Git\bin\git.exe" checkout --progress --force -B main refs/remotes/origin/main
build_preview	Checkout	2026-02-01T14:06:59.8288877Z branch 'main' set up to track 'origin/main'.
build_preview	Checkout	2026-02-01T14:06:59.8303270Z Switched to a new branch 'main'
build_preview	Checkout	2026-02-01T14:06:59.8439723Z ##[endgroup]
build_preview	Checkout	2026-02-01T14:06:59.8901454Z [command]"C:\Program Files\Git\bin\git.exe" log -1 --format=%H
build_preview	Checkout	2026-02-01T14:06:59.9237511Z e3cc58bf90b565e80a654319c9d42dc65200cab9
build_preview	Setup Node	ï»¿2026-02-01T14:06:59.9705632Z ##[group]Run actions/setup-node@v4
build_preview	Setup Node	2026-02-01T14:06:59.9705980Z with:
build_preview	Setup Node	2026-02-01T14:06:59.9706171Z   node-version: 18
build_preview	Setup Node	2026-02-01T14:06:59.9706349Z   always-auth: false
build_preview	Setup Node	2026-02-01T14:06:59.9706532Z   check-latest: false
build_preview	Setup Node	2026-02-01T14:06:59.9707112Z   token: ***
build_preview	Setup Node	2026-02-01T14:06:59.9707323Z ##[endgroup]
build_preview	Setup Node	2026-02-01T14:07:00.2418565Z Attempting to download 18...
build_preview	Setup Node	2026-02-01T14:07:01.3146813Z Acquiring 18.20.8 - x64 from https://github.com/actions/node-versions/releases/download/18.20.8-14110393767/node-18.20.8-win32-x64.7z
build_preview	Setup Node	2026-02-01T14:07:02.2215222Z Extracting ...
build_preview	Setup Node	2026-02-01T14:07:04.4785842Z Adding to the cache ...
build_preview	Setup Node	2026-02-01T14:07:08.6761738Z ##[group]Environment details
build_preview	Setup Node	2026-02-01T14:07:09.7430983Z node: v18.20.8
build_preview	Setup Node	2026-02-01T14:07:09.7431734Z npm: 10.8.2
build_preview	Setup Node	2026-02-01T14:07:09.7433250Z yarn: 1.22.22
build_preview	Setup Node	2026-02-01T14:07:09.7434372Z ##[endgroup]
build_preview	Setup Rust	ï»¿2026-02-01T14:07:09.7852263Z ##[group]Run dtolnay/rust-toolchain@v1
build_preview	Setup Rust	2026-02-01T14:07:09.7852597Z with:
build_preview	Setup Rust	2026-02-01T14:07:09.7852757Z   toolchain: stable
build_preview	Setup Rust	2026-02-01T14:07:09.7852936Z ##[endgroup]
build_preview	Setup Rust	2026-02-01T14:07:09.8075579Z ##[group]Run : parse toolchain version
build_preview	Setup Rust	2026-02-01T14:07:09.8075931Z [36;1m: parse toolchain version[0m
build_preview	Setup Rust	2026-02-01T14:07:09.8076174Z [36;1mif [[ -z $toolchain ]]; then[0m
build_preview	Setup Rust	2026-02-01T14:07:09.8076675Z [36;1m  # GitHub does not enforce `required: true` inputs itself. https://github.com/actions/runner/issues/1070[0m
build_preview	Setup Rust	2026-02-01T14:07:09.8077221Z [36;1m  echo "'toolchain' is a required input" >&2[0m
build_preview	Setup Rust	2026-02-01T14:07:09.8077482Z [36;1m  exit 1[0m
build_preview	Setup Rust	2026-02-01T14:07:09.8077784Z [36;1melif [[ $toolchain =~ ^stable' '[0-9]+' '(year|month|week|day)s?' 'ago$ ]]; then[0m
build_preview	Setup Rust	2026-02-01T14:07:09.8078170Z [36;1m  if [[ Windows == macOS ]]; then[0m
build_preview	Setup Rust	2026-02-01T14:07:09.8078670Z [36;1m    echo "toolchain=1.$((($(date -v-$(sed 's/stable \([0-9]*\) \(.\).*/\1\2/' <<< $toolchain) +%s)/60/60/24-16569)/7/6))" >> $GITHUB_OUTPUT[0m
build_preview	Setup Rust	2026-02-01T14:07:09.8079196Z [36;1m  else[0m
build_preview	Setup Rust	2026-02-01T14:07:09.8079563Z [36;1m    echo "toolchain=1.$((($(date --date "${toolchain#stable }" +%s)/60/60/24-16569)/7/6))" >> $GITHUB_OUTPUT[0m
build_preview	Setup Rust	2026-02-01T14:07:09.8079985Z [36;1m  fi[0m
build_preview	Setup Rust	2026-02-01T14:07:09.8080246Z [36;1melif [[ $toolchain =~ ^stable' 'minus' '[0-9]+' 'releases?$ ]]; then[0m
build_preview	Setup Rust	2026-02-01T14:07:09.8080734Z [36;1m  echo "toolchain=1.$((($(date +%s)/60/60/24-16569)/7/6-${toolchain//[^0-9]/}))" >> $GITHUB_OUTPUT[0m
build_preview	Setup Rust	2026-02-01T14:07:09.8081159Z [36;1melif [[ $toolchain =~ ^1\.[0-9]+$ ]]; then[0m
build_preview	Setup Rust	2026-02-01T14:07:09.8081644Z [36;1m  echo "toolchain=1.$((i=${toolchain#1.}, c=($(date +%s)/60/60/24-16569)/7/6, i+9*i*(10*i<=c)+90*i*(100*i<=c)))" >> $GITHUB_OUTPUT[0m
build_preview	Setup Rust	2026-02-01T14:07:09.8082095Z [36;1melse[0m
build_preview	Setup Rust	2026-02-01T14:07:09.8082302Z [36;1m  echo "toolchain=$toolchain" >> $GITHUB_OUTPUT[0m
build_preview	Setup Rust	2026-02-01T14:07:09.8082552Z [36;1mfi[0m
build_preview	Setup Rust	2026-02-01T14:07:09.8103998Z shell: C:\Program Files\Git\bin\bash.EXE --noprofile --norc -e -o pipefail {0}
build_preview	Setup Rust	2026-02-01T14:07:09.8104412Z env:
build_preview	Setup Rust	2026-02-01T14:07:09.8104569Z   toolchain: stable
build_preview	Setup Rust	2026-02-01T14:07:09.8104740Z ##[endgroup]
build_preview	Setup Rust	2026-02-01T14:07:09.9856828Z ##[group]Run : construct rustup command line
build_preview	Setup Rust	2026-02-01T14:07:09.9857144Z [36;1m: construct rustup command line[0m
build_preview	Setup Rust	2026-02-01T14:07:09.9857576Z [36;1mecho "targets=$(for t in ${targets//,/ }; do echo -n ' --target' $t; done)" >> $GITHUB_OUTPUT[0m
build_preview	Setup Rust	2026-02-01T14:07:09.9858174Z [36;1mecho "components=$(for c in ${components//,/ }; do echo -n ' --component' $c; done)" >> $GITHUB_OUTPUT[0m
build_preview	Setup Rust	2026-02-01T14:07:09.9858678Z [36;1mecho "downgrade=" >> $GITHUB_OUTPUT[0m
build_preview	Setup Rust	2026-02-01T14:07:09.9875405Z shell: C:\Program Files\Git\bin\bash.EXE --noprofile --norc -e -o pipefail {0}
build_preview	Setup Rust	2026-02-01T14:07:09.9875782Z env:
build_preview	Setup Rust	2026-02-01T14:07:09.9875922Z   targets: 
build_preview	Setup Rust	2026-02-01T14:07:09.9876076Z   components: 
build_preview	Setup Rust	2026-02-01T14:07:09.9876236Z ##[endgroup]
build_preview	Setup Rust	2026-02-01T14:07:10.0662213Z ##[group]Run : set $CARGO_HOME
build_preview	Setup Rust	2026-02-01T14:07:10.0662495Z [36;1m: set $CARGO_HOME[0m
build_preview	Setup Rust	2026-02-01T14:07:10.0662812Z [36;1mecho CARGO_HOME=${CARGO_HOME:-"$USERPROFILE\.cargo"} >> $GITHUB_ENV[0m
build_preview	Setup Rust	2026-02-01T14:07:10.0679937Z shell: C:\Program Files\Git\bin\bash.EXE --noprofile --norc -e -o pipefail {0}
build_preview	Setup Rust	2026-02-01T14:07:10.0680325Z ##[endgroup]
build_preview	Setup Rust	2026-02-01T14:07:10.1241648Z ##[group]Run : install rustup if needed on windows
build_preview	Setup Rust	2026-02-01T14:07:10.1242001Z [36;1m: install rustup if needed on windows[0m
build_preview	Setup Rust	2026-02-01T14:07:10.1242284Z [36;1mif ! command -v rustup &>/dev/null; then[0m
build_preview	Setup Rust	2026-02-01T14:07:10.1243026Z [36;1m  curl --proto '=https' --tlsv1.2 --retry 10 --retry-connrefused --location --silent --show-error --fail https://win.rustup.rs/x86_64 --output 'D:\a\_temp\rustup-init.exe'[0m
build_preview	Setup Rust	2026-02-01T14:07:10.1243861Z [36;1m  'D:\a\_temp\rustup-init.exe' --default-toolchain none --no-modify-path -y[0m
build_preview	Setup Rust	2026-02-01T14:07:10.1244252Z [36;1m  echo "$CARGO_HOME\bin" >> $GITHUB_PATH[0m
build_preview	Setup Rust	2026-02-01T14:07:10.1244491Z [36;1mfi[0m
build_preview	Setup Rust	2026-02-01T14:07:10.1262349Z shell: C:\Program Files\Git\bin\bash.EXE --noprofile --norc -e -o pipefail {0}
build_preview	Setup Rust	2026-02-01T14:07:10.1264895Z env:
build_preview	Setup Rust	2026-02-01T14:07:10.1265072Z   CARGO_HOME: C:\Users\runneradmin\.cargo
build_preview	Setup Rust	2026-02-01T14:07:10.1265313Z ##[endgroup]
build_preview	Setup Rust	2026-02-01T14:07:10.2015537Z ##[group]Run rustup toolchain install stable --profile minimal --no-self-update
build_preview	Setup Rust	2026-02-01T14:07:10.2016085Z [36;1mrustup toolchain install stable --profile minimal --no-self-update[0m
build_preview	Setup Rust	2026-02-01T14:07:10.2032457Z shell: C:\Program Files\Git\bin\bash.EXE --noprofile --norc -e -o pipefail {0}
build_preview	Setup Rust	2026-02-01T14:07:10.2032841Z env:
build_preview	Setup Rust	2026-02-01T14:07:10.2033013Z   CARGO_HOME: C:\Users\runneradmin\.cargo
build_preview	Setup Rust	2026-02-01T14:07:10.2033253Z ##[endgroup]
build_preview	Setup Rust	2026-02-01T14:07:13.3926474Z info: syncing channel updates for 'stable-x86_64-pc-windows-msvc'
build_preview	Setup Rust	2026-02-01T14:07:13.8143486Z 
build_preview	Setup Rust	2026-02-01T14:07:13.8349707Z   stable-x86_64-pc-windows-msvc unchanged - rustc 1.93.0 (254b59607 2026-01-19)
build_preview	Setup Rust	2026-02-01T14:07:13.8350421Z 
build_preview	Setup Rust	2026-02-01T14:07:13.8579139Z ##[group]Run rustup default stable
build_preview	Setup Rust	2026-02-01T14:07:13.8579410Z [36;1mrustup default stable[0m
build_preview	Setup Rust	2026-02-01T14:07:13.8594470Z shell: C:\Program Files\Git\bin\bash.EXE --noprofile --norc -e -o pipefail {0}
build_preview	Setup Rust	2026-02-01T14:07:13.8594846Z env:
build_preview	Setup Rust	2026-02-01T14:07:13.8595322Z   CARGO_HOME: C:\Users\runneradmin\.cargo
build_preview	Setup Rust	2026-02-01T14:07:13.8595571Z ##[endgroup]
build_preview	Setup Rust	2026-02-01T14:07:13.9544555Z info: using existing install for 'stable-x86_64-pc-windows-msvc'
build_preview	Setup Rust	2026-02-01T14:07:14.0019980Z info: default toolchain set to 'stable-x86_64-pc-windows-msvc'
build_preview	Setup Rust	2026-02-01T14:07:14.0020566Z 
build_preview	Setup Rust	2026-02-01T14:07:14.0226972Z   stable-x86_64-pc-windows-msvc unchanged - rustc 1.93.0 (254b59607 2026-01-19)
build_preview	Setup Rust	2026-02-01T14:07:14.0228020Z 
build_preview	Setup Rust	2026-02-01T14:07:14.0452388Z ##[group]Run : create cachekey
build_preview	Setup Rust	2026-02-01T14:07:14.0452641Z [36;1m: create cachekey[0m
build_preview	Setup Rust	2026-02-01T14:07:14.0453124Z [36;1mDATE=$(rustc +stable --version --verbose | sed -ne 's/^commit-date: \(20[0-9][0-9]\)-\([01][0-9]\)-\([0-3][0-9]\)$/\1\2\3/p')[0m
build_preview	Setup Rust	2026-02-01T14:07:14.0453757Z [36;1mHASH=$(rustc +stable --version --verbose | sed -ne 's/^commit-hash: //p')[0m
build_preview	Setup Rust	2026-02-01T14:07:14.0454243Z [36;1mecho "cachekey=$(echo $DATE$HASH | head -c12)" >> $GITHUB_OUTPUT[0m
build_preview	Setup Rust	2026-02-01T14:07:14.0469710Z shell: C:\Program Files\Git\bin\bash.EXE --noprofile --norc -e -o pipefail {0}
build_preview	Setup Rust	2026-02-01T14:07:14.0470087Z env:
build_preview	Setup Rust	2026-02-01T14:07:14.0470259Z   CARGO_HOME: C:\Users\runneradmin\.cargo
build_preview	Setup Rust	2026-02-01T14:07:14.0470497Z ##[endgroup]
build_preview	Setup Rust	2026-02-01T14:07:14.9920098Z ##[group]Run : disable incremental compilation
build_preview	Setup Rust	2026-02-01T14:07:14.9920431Z [36;1m: disable incremental compilation[0m
build_preview	Setup Rust	2026-02-01T14:07:14.9920726Z [36;1mif [ -z "${CARGO_INCREMENTAL+set}" ]; then[0m
build_preview	Setup Rust	2026-02-01T14:07:14.9921052Z [36;1m  echo CARGO_INCREMENTAL=0 >> $GITHUB_ENV[0m
build_preview	Setup Rust	2026-02-01T14:07:14.9921304Z [36;1mfi[0m
build_preview	Setup Rust	2026-02-01T14:07:14.9938193Z shell: C:\Program Files\Git\bin\bash.EXE --noprofile --norc -e -o pipefail {0}
build_preview	Setup Rust	2026-02-01T14:07:14.9938565Z env:
build_preview	Setup Rust	2026-02-01T14:07:14.9938745Z   CARGO_HOME: C:\Users\runneradmin\.cargo
build_preview	Setup Rust	2026-02-01T14:07:14.9939008Z ##[endgroup]
build_preview	Setup Rust	2026-02-01T14:07:15.0524994Z ##[group]Run : enable colors in Cargo output
build_preview	Setup Rust	2026-02-01T14:07:15.0525515Z [36;1m: enable colors in Cargo output[0m
build_preview	Setup Rust	2026-02-01T14:07:15.0525992Z [36;1mif [ -z "${CARGO_TERM_COLOR+set}" ]; then[0m
build_preview	Setup Rust	2026-02-01T14:07:15.0526518Z [36;1m  echo CARGO_TERM_COLOR=always >> $GITHUB_ENV[0m
build_preview	Setup Rust	2026-02-01T14:07:15.0526956Z [36;1mfi[0m
build_preview	Setup Rust	2026-02-01T14:07:15.0545030Z shell: C:\Program Files\Git\bin\bash.EXE --noprofile --norc -e -o pipefail {0}
build_preview	Setup Rust	2026-02-01T14:07:15.0545400Z env:
build_preview	Setup Rust	2026-02-01T14:07:15.0545579Z   CARGO_HOME: C:\Users\runneradmin\.cargo
build_preview	Setup Rust	2026-02-01T14:07:15.0545830Z   CARGO_INCREMENTAL: 0
build_preview	Setup Rust	2026-02-01T14:07:15.0546013Z ##[endgroup]
build_preview	Setup Rust	2026-02-01T14:07:15.1259290Z ##[group]Run : enable Cargo sparse registry
build_preview	Setup Rust	2026-02-01T14:07:15.1259809Z [36;1m: enable Cargo sparse registry[0m
build_preview	Setup Rust	2026-02-01T14:07:15.1260401Z [36;1m# implemented in 1.66, stabilized in 1.68, made default in 1.70[0m
build_preview	Setup Rust	2026-02-01T14:07:15.1261503Z [36;1mif [ -z "${CARGO_REGISTRIES_CRATES_IO_PROTOCOL+set}" -o -f "D:\a\_temp"/.implicit_cargo_registries_crates_io_protocol ]; then[0m
build_preview	Setup Rust	2026-02-01T14:07:15.1264000Z [36;1m  if rustc +stable --version --verbose | grep -q '^release: 1\.6[89]\.'; then[0m
build_preview	Setup Rust	2026-02-01T14:07:15.1265291Z [36;1m    touch "D:\a\_temp"/.implicit_cargo_registries_crates_io_protocol || true[0m
build_preview	Setup Rust	2026-02-01T14:07:15.1266151Z [36;1m    echo CARGO_REGISTRIES_CRATES_IO_PROTOCOL=sparse >> $GITHUB_ENV[0m
build_preview	Setup Rust	2026-02-01T14:07:15.1267018Z [36;1m  elif rustc +stable --version --verbose | grep -q '^release: 1\.6[67]\.'; then[0m
build_preview	Setup Rust	2026-02-01T14:07:15.1267912Z [36;1m    touch "D:\a\_temp"/.implicit_cargo_registries_crates_io_protocol || true[0m
build_preview	Setup Rust	2026-02-01T14:07:15.1268712Z [36;1m    echo CARGO_REGISTRIES_CRATES_IO_PROTOCOL=git >> $GITHUB_ENV[0m
build_preview	Setup Rust	2026-02-01T14:07:15.1269268Z [36;1m  fi[0m
build_preview	Setup Rust	2026-02-01T14:07:15.1269517Z [36;1mfi[0m
build_preview	Setup Rust	2026-02-01T14:07:15.1294937Z shell: C:\Program Files\Git\bin\bash.EXE --noprofile --norc -e -o pipefail {0}
build_preview	Setup Rust	2026-02-01T14:07:15.1295589Z env:
build_preview	Setup Rust	2026-02-01T14:07:15.1296018Z   CARGO_HOME: C:\Users\runneradmin\.cargo
build_preview	Setup Rust	2026-02-01T14:07:15.1296473Z   CARGO_INCREMENTAL: 0
build_preview	Setup Rust	2026-02-01T14:07:15.1296791Z   CARGO_TERM_COLOR: always
build_preview	Setup Rust	2026-02-01T14:07:15.1297115Z ##[endgroup]
build_preview	Setup Rust	2026-02-01T14:07:15.3815634Z ##[group]Run : work around spurious network errors in curl 8.0
build_preview	Setup Rust	2026-02-01T14:07:15.3816308Z [36;1m: work around spurious network errors in curl 8.0[0m
build_preview	Setup Rust	2026-02-01T14:07:15.3817198Z [36;1m# https://rust-lang.zulipchat.com/#narrow/stream/246057-t-cargo/topic/timeout.20investigation[0m
build_preview	Setup Rust	2026-02-01T14:07:15.3818192Z [36;1mif rustc +stable --version --verbose | grep -q '^release: 1\.7[01]\.'; then[0m
build_preview	Setup Rust	2026-02-01T14:07:15.3818921Z [36;1m  echo CARGO_HTTP_MULTIPLEXING=false >> $GITHUB_ENV[0m
build_preview	Setup Rust	2026-02-01T14:07:15.3819766Z [36;1mfi[0m
build_preview	Setup Rust	2026-02-01T14:07:15.3844798Z shell: C:\Program Files\Git\bin\bash.EXE --noprofile --norc -e -o pipefail {0}
build_preview	Setup Rust	2026-02-01T14:07:15.3845425Z env:
build_preview	Setup Rust	2026-02-01T14:07:15.3845710Z   CARGO_HOME: C:\Users\runneradmin\.cargo
build_preview	Setup Rust	2026-02-01T14:07:15.3846157Z   CARGO_INCREMENTAL: 0
build_preview	Setup Rust	2026-02-01T14:07:15.3846470Z   CARGO_TERM_COLOR: always
build_preview	Setup Rust	2026-02-01T14:07:15.3846788Z ##[endgroup]
build_preview	Setup Rust	2026-02-01T14:07:15.5225613Z ##[group]Run rustc +stable --version --verbose
build_preview	Setup Rust	2026-02-01T14:07:15.5226147Z [36;1mrustc +stable --version --verbose[0m
build_preview	Setup Rust	2026-02-01T14:07:15.5248004Z shell: C:\Program Files\Git\bin\bash.EXE --noprofile --norc -e -o pipefail {0}
build_preview	Setup Rust	2026-02-01T14:07:15.5248402Z env:
build_preview	Setup Rust	2026-02-01T14:07:15.5248589Z   CARGO_HOME: C:\Users\runneradmin\.cargo
build_preview	Setup Rust	2026-02-01T14:07:15.5248849Z   CARGO_INCREMENTAL: 0
build_preview	Setup Rust	2026-02-01T14:07:15.5249048Z   CARGO_TERM_COLOR: always
build_preview	Setup Rust	2026-02-01T14:07:15.5249251Z ##[endgroup]
build_preview	Setup Rust	2026-02-01T14:07:15.6142822Z rustc 1.93.0 (254b59607 2026-01-19)
build_preview	Setup Rust	2026-02-01T14:07:15.6143504Z binary: rustc
build_preview	Setup Rust	2026-02-01T14:07:15.6147353Z commit-hash: 254b59607d4417e9dffbc307138ae5c86280fe4c
build_preview	Setup Rust	2026-02-01T14:07:15.6148802Z commit-date: 2026-01-19
build_preview	Setup Rust	2026-02-01T14:07:15.6149365Z host: x86_64-pc-windows-msvc
build_preview	Setup Rust	2026-02-01T14:07:15.6149892Z release: 1.93.0
build_preview	Setup Rust	2026-02-01T14:07:15.6150479Z LLVM version: 21.1.8
build_preview	Install Node deps	ï»¿2026-02-01T14:07:15.6444028Z ##[group]Run npm ci
build_preview	Install Node deps	2026-02-01T14:07:15.6444348Z [36;1mnpm ci[0m
build_preview	Install Node deps	2026-02-01T14:07:15.7142842Z shell: C:\Program Files\PowerShell\7\pwsh.EXE -command ". '{0}'"
build_preview	Install Node deps	2026-02-01T14:07:15.7143251Z env:
build_preview	Install Node deps	2026-02-01T14:07:15.7143461Z   CARGO_HOME: C:\Users\runneradmin\.cargo
build_preview	Install Node deps	2026-02-01T14:07:15.7143755Z   CARGO_INCREMENTAL: 0
build_preview	Install Node deps	2026-02-01T14:07:15.7143984Z   CARGO_TERM_COLOR: always
build_preview	Install Node deps	2026-02-01T14:07:15.7144201Z ##[endgroup]
build_preview	Install Node deps	2026-02-01T14:07:21.8973947Z npm error code EUSAGE
build_preview	Install Node deps	2026-02-01T14:07:21.8982379Z npm error
build_preview	Install Node deps	2026-02-01T14:07:21.8983258Z npm error The `npm ci` command can only install with an existing package-lock.json or
build_preview	Install Node deps	2026-02-01T14:07:21.8984453Z npm error npm-shrinkwrap.json with lockfileVersion >= 1. Run an install with npm@5 or
build_preview	Install Node deps	2026-02-01T14:07:21.8985506Z npm error later to generate a package-lock.json file, then try again.
build_preview	Install Node deps	2026-02-01T14:07:21.8986139Z npm error
build_preview	Install Node deps	2026-02-01T14:07:21.8986525Z npm error Clean install a project
build_preview	Install Node deps	2026-02-01T14:07:21.8988057Z npm error
build_preview	Install Node deps	2026-02-01T14:07:21.8988367Z npm error Usage:
build_preview	Install Node deps	2026-02-01T14:07:21.8988739Z npm error npm ci
build_preview	Install Node deps	2026-02-01T14:07:21.8989032Z npm error
build_preview	Install Node deps	2026-02-01T14:07:21.8989329Z npm error Options:
build_preview	Install Node deps	2026-02-01T14:07:21.8990063Z npm error [--install-strategy <hoisted|nested|shallow|linked>] [--legacy-bundling]
build_preview	Install Node deps	2026-02-01T14:07:21.8991179Z npm error [--global-style] [--omit <dev|optional|peer> [--omit <dev|optional|peer> ...]]
build_preview	Install Node deps	2026-02-01T14:07:21.8992303Z npm error [--include <prod|dev|optional|peer> [--include <prod|dev|optional|peer> ...]]
build_preview	Install Node deps	2026-02-01T14:07:21.8993550Z npm error [--strict-peer-deps] [--foreground-scripts] [--ignore-scripts] [--no-audit]
build_preview	Install Node deps	2026-02-01T14:07:21.9009474Z npm error [--no-bin-links] [--no-fund] [--dry-run]
build_preview	Install Node deps	2026-02-01T14:07:21.9013666Z npm error [-w|--workspace <workspace-name> [-w|--workspace <workspace-name> ...]]
build_preview	Install Node deps	2026-02-01T14:07:21.9018740Z npm error [-ws|--workspaces] [--include-workspace-root] [--install-links]
build_preview	Install Node deps	2026-02-01T14:07:21.9019754Z npm error
build_preview	Install Node deps	2026-02-01T14:07:21.9021959Z npm error aliases: clean-install, ic, install-clean, isntall-clean
build_preview	Install Node deps	2026-02-01T14:07:21.9025012Z npm error
build_preview	Install Node deps	2026-02-01T14:07:21.9046171Z npm error Run "npm help ci" for more info
build_preview	Install Node deps	2026-02-01T14:07:21.9049614Z npm error A complete log of this run can be found in: C:\npm\cache\_logs\2026-02-01T14_07_21_263Z-debug-0.log
build_preview	Install Node deps	2026-02-01T14:07:22.5895158Z ##[error]Process completed with exit code 1.
build_preview	Post Checkout	ï»¿2026-02-01T14:07:22.6187949Z Post job cleanup.
build_preview	Post Checkout	2026-02-01T14:07:22.8791028Z [command]"C:\Program Files\Git\bin\git.exe" version
build_preview	Post Checkout	2026-02-01T14:07:22.9084829Z git version 2.52.0.windows.1
build_preview	Post Checkout	2026-02-01T14:07:22.9166953Z Temporarily overriding HOME='D:\a\_temp\86113a2a-ea61-41a7-b5a3-f67587638535' before making global git config changes
build_preview	Post Checkout	2026-02-01T14:07:22.9168583Z Adding repository directory to the temporary git global config as a safe directory
build_preview	Post Checkout	2026-02-01T14:07:22.9180361Z [command]"C:\Program Files\Git\bin\git.exe" config --global --add safe.directory D:\a\URMS\URMS
build_preview	Post Checkout	2026-02-01T14:07:22.9679772Z [command]"C:\Program Files\Git\bin\git.exe" config --local --name-only --get-regexp core\.sshCommand
build_preview	Post Checkout	2026-02-01T14:07:23.0265027Z [command]"C:\Program Files\Git\bin\git.exe" submodule foreach --recursive "sh -c \"git config --local --name-only --get-regexp 'core\.sshCommand' && git config --local --unset-all 'core.sshCommand' || :\""
build_preview	Post Checkout	2026-02-01T14:07:23.8656947Z [command]"C:\Program Files\Git\bin\git.exe" config --local --name-only --get-regexp http\.https\:\/\/github\.com\/\.extraheader
build_preview	Post Checkout	2026-02-01T14:07:23.8994848Z http.https://github.com/.extraheader
build_preview	Post Checkout	2026-02-01T14:07:23.9130478Z [command]"C:\Program Files\Git\bin\git.exe" config --local --unset-all http.https://github.com/.extraheader
build_preview	Post Checkout	2026-02-01T14:07:23.9590722Z [command]"C:\Program Files\Git\bin\git.exe" submodule foreach --recursive "sh -c \"git config --local --name-only --get-regexp 'http\.https\:\/\/github\.com\/\.extraheader' && git config --local --unset-all 'http.https://github.com/.extraheader' || :\""
build_preview	Post Checkout	2026-02-01T14:07:24.7145134Z [command]"C:\Program Files\Git\bin\git.exe" config --local --name-only --get-regexp ^includeIf\.gitdir:
build_preview	Post Checkout	2026-02-01T14:07:24.7615174Z [command]"C:\Program Files\Git\bin\git.exe" submodule foreach --recursive "git config --local --show-origin --name-only --get-regexp remote.origin.url"
build_preview	Complete job	ï»¿2026-02-01T14:07:25.5278388Z Cleaning up orphan processes
